
===========================================================================
report_checks -path_delay min (Hold)
============================================================================
Startpoint: _27_ (rising edge-triggered flip-flop clocked by clk)
Endpoint: _27_ (rising edge-triggered flip-flop clocked by clk)
Path Group: clk
Path Type: min

Fanout     Cap    Slew   Delay    Time   Description
-----------------------------------------------------------------------------
                  0.15    0.00    0.00   clock clk (rise edge)
                          0.00    0.00   clock network delay (ideal)
                  0.15    0.00    0.00 ^ _27_/CLK (sky130_fd_sc_hd__dfxtp_2)
                  0.12    0.41    0.41 v _27_/Q (sky130_fd_sc_hd__dfxtp_2)
     5    0.04                           outputs[2] (net)
                  0.12    0.00    0.41 v _18_/B1 (sky130_fd_sc_hd__a21oi_2)
                  0.10    0.13    0.54 ^ _18_/Y (sky130_fd_sc_hd__a21oi_2)
     1    0.01                           _07_ (net)
                  0.10    0.00    0.55 ^ _20_/A (sky130_fd_sc_hd__nor2_2)
                  0.01    0.04    0.59 v _20_/Y (sky130_fd_sc_hd__nor2_2)
     1    0.00                           _02_ (net)
                  0.01    0.00    0.59 v _27_/D (sky130_fd_sc_hd__dfxtp_2)
                                  0.59   data arrival time

                  0.15    0.00    0.00   clock clk (rise edge)
                          0.00    0.00   clock network delay (ideal)
                          0.25    0.25   clock uncertainty
                          0.00    0.25   clock reconvergence pessimism
                                  0.25 ^ _27_/CLK (sky130_fd_sc_hd__dfxtp_2)
                         -0.01    0.24   library hold time
                                  0.24   data required time
-----------------------------------------------------------------------------
                                  0.24   data required time
                                 -0.59   data arrival time
-----------------------------------------------------------------------------
                                  0.35   slack (MET)


Startpoint: _25_ (rising edge-triggered flip-flop clocked by clk)
Endpoint: _25_ (rising edge-triggered flip-flop clocked by clk)
Path Group: clk
Path Type: min

Fanout     Cap    Slew   Delay    Time   Description
-----------------------------------------------------------------------------
                  0.15    0.00    0.00   clock clk (rise edge)
                          0.00    0.00   clock network delay (ideal)
                  0.15    0.00    0.00 ^ _25_/CLK (sky130_fd_sc_hd__dfxtp_2)
                  0.11    0.40    0.40 v _25_/Q (sky130_fd_sc_hd__dfxtp_2)
     4    0.04                           outputs[0] (net)
                  0.11    0.00    0.41 v _13_/A (sky130_fd_sc_hd__buf_1)
                  0.11    0.18    0.58 v _13_/X (sky130_fd_sc_hd__buf_1)
     5    0.02                           _04_ (net)
                  0.11    0.00    0.58 v _14_/B (sky130_fd_sc_hd__nor2_2)
                  0.05    0.08    0.67 ^ _14_/Y (sky130_fd_sc_hd__nor2_2)
     1    0.00                           _00_ (net)
                  0.05    0.00    0.67 ^ _25_/D (sky130_fd_sc_hd__dfxtp_2)
                                  0.67   data arrival time

                  0.15    0.00    0.00   clock clk (rise edge)
                          0.00    0.00   clock network delay (ideal)
                          0.25    0.25   clock uncertainty
                          0.00    0.25   clock reconvergence pessimism
                                  0.25 ^ _25_/CLK (sky130_fd_sc_hd__dfxtp_2)
                         -0.02    0.23   library hold time
                                  0.23   data required time
-----------------------------------------------------------------------------
                                  0.23   data required time
                                 -0.67   data arrival time
-----------------------------------------------------------------------------
                                  0.44   slack (MET)


Startpoint: _26_ (rising edge-triggered flip-flop clocked by clk)
Endpoint: _26_ (rising edge-triggered flip-flop clocked by clk)
Path Group: clk
Path Type: min

Fanout     Cap    Slew   Delay    Time   Description
-----------------------------------------------------------------------------
                  0.15    0.00    0.00   clock clk (rise edge)
                          0.00    0.00   clock network delay (ideal)
                  0.15    0.00    0.00 ^ _26_/CLK (sky130_fd_sc_hd__dfxtp_2)
                  0.11    0.40    0.40 v _26_/Q (sky130_fd_sc_hd__dfxtp_2)
     3    0.04                           outputs[1] (net)
                  0.11    0.00    0.40 v _15_/A (sky130_fd_sc_hd__buf_1)
                  0.11    0.17    0.57 v _15_/X (sky130_fd_sc_hd__buf_1)
     5    0.02                           _05_ (net)
                  0.11    0.00    0.57 v _17_/A2 (sky130_fd_sc_hd__o21a_2)
                  0.02    0.20    0.77 v _17_/X (sky130_fd_sc_hd__o21a_2)
     1    0.00                           _01_ (net)
                  0.02    0.00    0.77 v _26_/D (sky130_fd_sc_hd__dfxtp_2)
                                  0.77   data arrival time

                  0.15    0.00    0.00   clock clk (rise edge)
                          0.00    0.00   clock network delay (ideal)
                          0.25    0.25   clock uncertainty
                          0.00    0.25   clock reconvergence pessimism
                                  0.25 ^ _26_/CLK (sky130_fd_sc_hd__dfxtp_2)
                         -0.01    0.24   library hold time
                                  0.24   data required time
-----------------------------------------------------------------------------
                                  0.24   data required time
                                 -0.77   data arrival time
-----------------------------------------------------------------------------
                                  0.53   slack (MET)


Startpoint: _28_ (rising edge-triggered flip-flop clocked by clk)
Endpoint: _28_ (rising edge-triggered flip-flop clocked by clk)
Path Group: clk
Path Type: min

Fanout     Cap    Slew   Delay    Time   Description
-----------------------------------------------------------------------------
                  0.15    0.00    0.00   clock clk (rise edge)
                          0.00    0.00   clock network delay (ideal)
                  0.15    0.00    0.00 ^ _28_/CLK (sky130_fd_sc_hd__dfxtp_2)
                  0.23    0.46    0.46 ^ _28_/Q (sky130_fd_sc_hd__dfxtp_2)
     3    0.04                           outputs[3] (net)
                  0.23    0.00    0.46 ^ _22_/B1 (sky130_fd_sc_hd__a31o_2)
                  0.03    0.13    0.59 ^ _22_/X (sky130_fd_sc_hd__a31o_2)
     1    0.00                           _10_ (net)
                  0.03    0.00    0.59 ^ _23_/B (sky130_fd_sc_hd__and2b_2)
                  0.04    0.12    0.71 ^ _23_/X (sky130_fd_sc_hd__and2b_2)
     1    0.00                           _11_ (net)
                  0.04    0.00    0.71 ^ _24_/A (sky130_fd_sc_hd__buf_1)
                  0.04    0.07    0.78 ^ _24_/X (sky130_fd_sc_hd__buf_1)
     1    0.00                           _03_ (net)
                  0.04    0.00    0.78 ^ _28_/D (sky130_fd_sc_hd__dfxtp_2)
                                  0.78   data arrival time

                  0.15    0.00    0.00   clock clk (rise edge)
                          0.00    0.00   clock network delay (ideal)
                          0.25    0.25   clock uncertainty
                          0.00    0.25   clock reconvergence pessimism
                                  0.25 ^ _28_/CLK (sky130_fd_sc_hd__dfxtp_2)
                         -0.02    0.23   library hold time
                                  0.23   data required time
-----------------------------------------------------------------------------
                                  0.23   data required time
                                 -0.78   data arrival time
-----------------------------------------------------------------------------
                                  0.54   slack (MET)


Startpoint: _28_ (rising edge-triggered flip-flop clocked by clk)
Endpoint: outputs[3] (output port clocked by clk)
Path Group: clk
Path Type: min

Fanout     Cap    Slew   Delay    Time   Description
-----------------------------------------------------------------------------
                  0.15    0.00    0.00   clock clk (rise edge)
                          0.00    0.00   clock network delay (ideal)
                  0.15    0.00    0.00 ^ _28_/CLK (sky130_fd_sc_hd__dfxtp_2)
                  0.11    0.40    0.40 v _28_/Q (sky130_fd_sc_hd__dfxtp_2)
     3    0.04                           outputs[3] (net)
                  0.11    0.00    0.40 v outputs[3] (out)
                                  0.40   data arrival time

                  0.15    0.00    0.00   clock clk (rise edge)
                          0.00    0.00   clock network delay (ideal)
                          0.25    0.25   clock uncertainty
                          0.00    0.25   clock reconvergence pessimism
                         -2.00   -1.75   output external delay
                                 -1.75   data required time
-----------------------------------------------------------------------------
                                 -1.75   data required time
                                 -0.40   data arrival time
-----------------------------------------------------------------------------
                                  2.15   slack (MET)


