Warning - class CORE ANTENNACELL is not found. This message can be ignored if not in the antenna-avoid flow

Net - chain
  _12_  (sky130_fd_sc_hd__nor2_1)  B
[1]  met2:
  PAR:    4.82  Ratio:    0.00       (Area)
  PAR:   24.65  Ratio: 2778.20       (S.Area)
  CAR:    8.27  Ratio:    0.00       (C.Area)
  CAR:   42.87  Ratio:    0.00       (C.S.Area)

[1]  met1:
  PAR:    3.39  Ratio:    0.00       (Area)
  PAR:   18.16  Ratio:  400.00       (S.Area)
  CAR:    3.45  Ratio:    0.00       (C.Area)
  CAR:   18.23  Ratio:    0.00       (C.S.Area)

[1]  li1:
  PAR:    0.06  Ratio:    0.00       (Area)
  PAR:    0.07  Ratio:   75.00       (S.Area)
  CAR:    0.06  Ratio:    0.00       (C.Area)
  CAR:    0.07  Ratio:    0.00       (C.S.Area)

[1]  met3:
  PAR:    9.20  Ratio:    0.00       (Area)
  PAR:   50.65  Ratio: 2778.20       (S.Area)
  CAR:   17.47  Ratio:    0.00       (C.Area)
  CAR:   93.53  Ratio:    0.00       (C.S.Area)

[1]  M2M3_PR:
  PAR:    0.16  Ratio:    6.00       (Area)
  CAR:    0.46  Ratio:    0.00       (C.Area)

[1]  M1M2_PR:
  PAR:    0.18  Ratio:    6.00       (Area)
  CAR:    0.30  Ratio:    0.00       (C.Area)

[1]  L1M1_PR:
  PAR:    0.12  Ratio:    3.00       (Area)
  CAR:    0.12  Ratio:    0.00       (C.Area)


Net - clk
  clkbuf_0_clk  (sky130_fd_sc_hd__clkbuf_16)  A
[1]  met2:
  PAR:    2.79  Ratio:    0.00       (Area)
  PAR:   14.06  Ratio:  400.00       (S.Area)
  CAR:    3.36  Ratio:    0.00       (C.Area)
  CAR:   16.95  Ratio:    0.00       (C.S.Area)

[1]  met1:
  PAR:    0.55  Ratio:    0.00       (Area)
  PAR:    2.88  Ratio:  400.00       (S.Area)
  CAR:    0.57  Ratio:    0.00       (C.Area)
  CAR:    2.90  Ratio:    0.00       (C.S.Area)

[1]  li1:
  PAR:    0.02  Ratio:    0.00       (Area)
  PAR:    0.02  Ratio:   75.00       (S.Area)
  CAR:    0.02  Ratio:    0.00       (C.Area)
  CAR:    0.02  Ratio:    0.00       (C.S.Area)

[1]  M1M2_PR:
  PAR:    0.03  Ratio:    6.00       (Area)
  CAR:    0.06  Ratio:    0.00       (C.Area)

[1]  L1M1_PR:
  PAR:    0.03  Ratio:    3.00       (Area)
  CAR:    0.03  Ratio:    0.00       (C.Area)


Net - outputs[0]
  _13_  (sky130_fd_sc_hd__dlymetal6s2s_1)  A
[1]  met2:
  PAR:    3.58  Ratio:    0.00       (Area)
  PAR:   18.58  Ratio: 2956.40       (S.Area)
  CAR:    4.87  Ratio:    0.00       (C.Area)
  CAR:   25.38  Ratio:    0.00       (C.S.Area)

[1]  met1:
  PAR:    1.18  Ratio:    0.00       (Area)
  PAR:    6.67  Ratio:  400.00       (S.Area)
  CAR:    1.29  Ratio:    0.00       (C.Area)
  CAR:    6.80  Ratio:    0.00       (C.S.Area)

[1]  li1:
  PAR:    0.11  Ratio:    0.00       (Area)
  PAR:    0.13  Ratio:   75.00       (S.Area)
  CAR:    0.11  Ratio:    0.00       (C.Area)
  CAR:    0.13  Ratio:    0.00       (C.S.Area)

[1]  met3:
  PAR:    5.90  Ratio:    0.00       (Area)
  PAR:   32.12  Ratio: 2956.40       (S.Area)
  CAR:   10.77  Ratio:    0.00       (C.Area)
  CAR:   57.50  Ratio:    0.00       (C.S.Area)

[1]  M2M3_PR:
  PAR:    0.06  Ratio:    6.00       (Area)
  CAR:    0.47  Ratio:    0.00       (C.Area)

[1]  M1M2_PR:
  PAR:    0.18  Ratio:    6.00       (Area)
  CAR:    0.41  Ratio:    0.00       (C.Area)

[1]  L1M1_PR:
  PAR:    0.23  Ratio:    3.00       (Area)
  CAR:    0.23  Ratio:    0.00       (C.Area)

  _21_  (sky130_fd_sc_hd__a41o_1)  A1
[1]  met2:
  PAR:    3.58  Ratio:    0.00       (Area)
  PAR:   18.58  Ratio: 2956.40       (S.Area)
  CAR:    7.14  Ratio:    0.00       (C.Area)
  CAR:   36.95  Ratio:    0.00       (C.S.Area)

[1]  met1:
  PAR:    0.34  Ratio:    0.00       (Area)
  PAR:    2.09  Ratio:  400.00       (S.Area)
  CAR:    0.40  Ratio:    0.00       (C.Area)
  CAR:    2.16  Ratio:    0.00       (C.S.Area)

[1]  li1:
  PAR:    0.06  Ratio:    0.00       (Area)
  PAR:    0.07  Ratio:   75.00       (S.Area)
  CAR:    0.06  Ratio:    0.00       (C.Area)
  CAR:    0.07  Ratio:    0.00       (C.S.Area)

[1]  met3:
  PAR:    5.90  Ratio:    0.00       (Area)
  PAR:   32.12  Ratio: 2956.40       (S.Area)
  CAR:   13.04  Ratio:    0.00       (C.Area)
  CAR:   69.07  Ratio:    0.00       (C.S.Area)

[1]  M2M3_PR:
  PAR:    0.06  Ratio:    6.00       (Area)
  CAR:    0.45  Ratio:    0.00       (C.Area)

[1]  M1M2_PR:
  PAR:    0.09  Ratio:    6.00       (Area)
  CAR:    0.21  Ratio:    0.00       (C.Area)

[1]  L1M1_PR:
  PAR:    0.12  Ratio:    3.00       (Area)
  CAR:    0.12  Ratio:    0.00       (C.Area)

  _22_  (sky130_fd_sc_hd__a31o_1)  A1
[1]  met2:
  PAR:    3.58  Ratio:    0.00       (Area)
  PAR:   18.58  Ratio: 2956.40       (S.Area)
  CAR:    6.80  Ratio:    0.00       (C.Area)
  CAR:   34.86  Ratio:    0.00       (C.S.Area)

[1]  met1:
  PAR:    3.16  Ratio:    0.00       (Area)
  PAR:   16.21  Ratio:  400.00       (S.Area)
  CAR:    3.22  Ratio:    0.00       (C.Area)
  CAR:   16.27  Ratio:    0.00       (C.S.Area)

[1]  li1:
  PAR:    0.06  Ratio:    0.00       (Area)
  PAR:    0.07  Ratio:   75.00       (S.Area)
  CAR:    0.06  Ratio:    0.00       (C.Area)
  CAR:    0.07  Ratio:    0.00       (C.S.Area)

[1]  met3:
  PAR:    5.90  Ratio:    0.00       (Area)
  PAR:   32.12  Ratio: 2956.40       (S.Area)
  CAR:   12.70  Ratio:    0.00       (C.Area)
  CAR:   66.98  Ratio:    0.00       (C.S.Area)

[1]  M2M3_PR:
  PAR:    0.06  Ratio:    6.00       (Area)
  CAR:    0.36  Ratio:    0.00       (C.Area)

[1]  M1M2_PR:
  PAR:    0.18  Ratio:    6.00       (Area)
  CAR:    0.30  Ratio:    0.00       (C.Area)

[1]  L1M1_PR:
  PAR:    0.12  Ratio:    3.00       (Area)
  CAR:    0.12  Ratio:    0.00       (C.Area)


Net - outputs[1]
  _15_  (sky130_fd_sc_hd__dlymetal6s2s_1)  A
[1]  met1:
  PAR:    3.22  Ratio:    0.00       (Area)
  PAR:   17.67  Ratio:  400.00       (S.Area)
  CAR:    3.34  Ratio:    0.00       (C.Area)
  CAR:   17.80  Ratio:    0.00       (C.S.Area)

[1]  li1:
  PAR:    0.11  Ratio:    0.00       (Area)
  PAR:    0.13  Ratio:   75.00       (S.Area)
  CAR:    0.11  Ratio:    0.00       (C.Area)
  CAR:    0.13  Ratio:    0.00       (C.S.Area)

[1]  M1M2_PR:
  PAR:    0.36  Ratio:    6.00       (Area)
  CAR:    0.59  Ratio:    0.00       (C.Area)

[1]  L1M1_PR:
  PAR:    0.23  Ratio:    3.00       (Area)
  CAR:    0.23  Ratio:    0.00       (C.Area)

  _21_  (sky130_fd_sc_hd__a41o_1)  A2
[1]  met1:
  PAR:    0.08  Ratio:    0.00       (Area)
  PAR:    0.40  Ratio:  400.00       (S.Area)
  CAR:    0.14  Ratio:    0.00       (C.Area)
  CAR:    0.46  Ratio:    0.00       (C.S.Area)

[1]  li1:
  PAR:    0.06  Ratio:    0.00       (Area)
  PAR:    0.07  Ratio:   75.00       (S.Area)
  CAR:    0.06  Ratio:    0.00       (C.Area)
  CAR:    0.07  Ratio:    0.00       (C.S.Area)

[1]  M1M2_PR:
  PAR:    0.09  Ratio:    6.00       (Area)
  CAR:    0.21  Ratio:    0.00       (C.Area)

[1]  L1M1_PR:
  PAR:    0.12  Ratio:    3.00       (Area)
  CAR:    0.12  Ratio:    0.00       (C.Area)


Net - outputs[2]
  _19_  (sky130_fd_sc_hd__a31o_1)  A3
[1]  met2:
  PAR:    4.77  Ratio:    0.00       (Area)
  PAR:   24.50  Ratio: 2956.40       (S.Area)
  CAR:    4.91  Ratio:    0.00       (C.Area)
  CAR:   24.97  Ratio:    0.00       (C.S.Area)

[1]  met1:
  PAR:    0.08  Ratio:    0.00       (Area)
  PAR:    0.40  Ratio:  400.00       (S.Area)
  CAR:    0.14  Ratio:    0.00       (C.Area)
  CAR:    0.46  Ratio:    0.00       (C.S.Area)

[1]  li1:
  PAR:    0.06  Ratio:    0.00       (Area)
  PAR:    0.07  Ratio:   75.00       (S.Area)
  CAR:    0.06  Ratio:    0.00       (C.Area)
  CAR:    0.07  Ratio:    0.00       (C.S.Area)

[1]  M1M2_PR:
  PAR:    0.09  Ratio:    6.00       (Area)
  CAR:    0.21  Ratio:    0.00       (C.Area)

[1]  L1M1_PR:
  PAR:    0.12  Ratio:    3.00       (Area)
  CAR:    0.12  Ratio:    0.00       (C.Area)

  _18_  (sky130_fd_sc_hd__a21oi_1)  B1
[1]  met2:
  PAR:    4.77  Ratio:    0.00       (Area)
  PAR:   24.50  Ratio: 2956.40       (S.Area)
  CAR:    9.53  Ratio:    0.00       (C.Area)
  CAR:   49.23  Ratio:    0.00       (C.S.Area)

[1]  met1:
  PAR:    4.69  Ratio:    0.00       (Area)
  PAR:   24.66  Ratio:  400.00       (S.Area)
  CAR:    4.75  Ratio:    0.00       (C.Area)
  CAR:   24.73  Ratio:    0.00       (C.S.Area)

[1]  li1:
  PAR:    0.06  Ratio:    0.00       (Area)
  PAR:    0.07  Ratio:   75.00       (S.Area)
  CAR:    0.06  Ratio:    0.00       (C.Area)
  CAR:    0.07  Ratio:    0.00       (C.S.Area)

[1]  M1M2_PR:
  PAR:    0.18  Ratio:    6.00       (Area)
  CAR:    0.30  Ratio:    0.00       (C.Area)

[1]  L1M1_PR:
  PAR:    0.12  Ratio:    3.00       (Area)
  CAR:    0.12  Ratio:    0.00       (C.Area)

  _21_  (sky130_fd_sc_hd__a41o_1)  A3
[1]  met1:
  PAR:    0.08  Ratio:    0.00       (Area)
  PAR:    0.40  Ratio:  400.00       (S.Area)
  CAR:    0.14  Ratio:    0.00       (C.Area)
  CAR:    0.46  Ratio:    0.00       (C.S.Area)

[1]  li1:
  PAR:    0.06  Ratio:    0.00       (Area)
  PAR:    0.07  Ratio:   75.00       (S.Area)
  CAR:    0.06  Ratio:    0.00       (C.Area)
  CAR:    0.07  Ratio:    0.00       (C.S.Area)

[1]  M1M2_PR:
  PAR:    0.09  Ratio:    6.00       (Area)
  CAR:    0.21  Ratio:    0.00       (C.Area)

[1]  L1M1_PR:
  PAR:    0.12  Ratio:    3.00       (Area)
  CAR:    0.12  Ratio:    0.00       (C.Area)

  _22_  (sky130_fd_sc_hd__a31o_1)  A3
[1]  met1:
  PAR:    0.08  Ratio:    0.00       (Area)
  PAR:    0.40  Ratio:  400.00       (S.Area)
  CAR:    0.14  Ratio:    0.00       (C.Area)
  CAR:    0.46  Ratio:    0.00       (C.S.Area)

[1]  li1:
  PAR:    0.06  Ratio:    0.00       (Area)
  PAR:    0.07  Ratio:   75.00       (S.Area)
  CAR:    0.06  Ratio:    0.00       (C.Area)
  CAR:    0.07  Ratio:    0.00       (C.S.Area)

[1]  M1M2_PR:
  PAR:    0.09  Ratio:    6.00       (Area)
  CAR:    0.21  Ratio:    0.00       (C.Area)

[1]  L1M1_PR:
  PAR:    0.12  Ratio:    3.00       (Area)
  CAR:    0.12  Ratio:    0.00       (C.Area)


Net - outputs[3]
  _21_  (sky130_fd_sc_hd__a41o_1)  A4
[1]  met2:
  PAR:    7.31  Ratio:    0.00       (Area)
  PAR:   37.04  Ratio: 2778.20       (S.Area)
  CAR:   17.47  Ratio:    0.00       (C.Area)
  CAR:   89.60  Ratio:    0.00       (C.S.Area)

[1]  met1:
  PAR:    0.08  Ratio:    0.00       (Area)
  PAR:    0.40  Ratio:  400.00       (S.Area)
  CAR:    0.14  Ratio:    0.00       (C.Area)
  CAR:    0.46  Ratio:    0.00       (C.S.Area)

[1]  li1:
  PAR:    0.06  Ratio:    0.00       (Area)
  PAR:    0.07  Ratio:   75.00       (S.Area)
  CAR:    0.06  Ratio:    0.00       (C.Area)
  CAR:    0.07  Ratio:    0.00       (C.S.Area)

[1]  M1M2_PR:
  PAR:    0.09  Ratio:    6.00       (Area)
  CAR:    0.21  Ratio:    0.00       (C.Area)

[1]  L1M1_PR:
  PAR:    0.12  Ratio:    3.00       (Area)
  CAR:    0.12  Ratio:    0.00       (C.Area)

  _22_  (sky130_fd_sc_hd__a31o_1)  B1
[1]  met2:
  PAR:    7.31  Ratio:    0.00       (Area)
  PAR:   37.04  Ratio: 2778.20       (S.Area)
  CAR:   17.39  Ratio:    0.00       (C.Area)
  CAR:   89.21  Ratio:    0.00       (C.S.Area)

[1]  met1:
  PAR:   10.02  Ratio:    0.00       (Area)
  PAR:   52.10  Ratio:  400.00       (S.Area)
  CAR:   10.08  Ratio:    0.00       (C.Area)
  CAR:   52.17  Ratio:    0.00       (C.S.Area)

[1]  li1:
  PAR:    0.06  Ratio:    0.00       (Area)
  PAR:    0.07  Ratio:   75.00       (S.Area)
  CAR:    0.06  Ratio:    0.00       (C.Area)
  CAR:    0.07  Ratio:    0.00       (C.S.Area)

[1]  M1M2_PR:
  PAR:    0.18  Ratio:    6.00       (Area)
  CAR:    0.30  Ratio:    0.00       (C.Area)

[1]  L1M1_PR:
  PAR:    0.12  Ratio:    3.00       (Area)
  CAR:    0.12  Ratio:    0.00       (C.Area)


Net - reset
  input1  (sky130_fd_sc_hd__clkbuf_2)  A
[1]  met3:
  PAR:    9.05  Ratio:    0.00       (Area)
  PAR:   50.49  Ratio:  400.00       (S.Area)
  CAR:   14.60  Ratio:    0.00       (C.Area)
  CAR:   78.44  Ratio:    0.00       (C.S.Area)

[1]  met2:
  PAR:    5.39  Ratio:    0.00       (Area)
  PAR:   27.41  Ratio:  400.00       (S.Area)
  CAR:    5.55  Ratio:    0.00       (C.Area)
  CAR:   27.95  Ratio:    0.00       (C.S.Area)

[1]  met1:
  PAR:    0.09  Ratio:    0.00       (Area)
  PAR:    0.46  Ratio:  400.00       (S.Area)
  CAR:    0.16  Ratio:    0.00       (C.Area)
  CAR:    0.54  Ratio:    0.00       (C.S.Area)

[1]  li1:
  PAR:    0.07  Ratio:    0.00       (Area)
  PAR:    0.08  Ratio:   75.00       (S.Area)
  CAR:    0.07  Ratio:    0.00       (C.Area)
  CAR:    0.08  Ratio:    0.00       (C.S.Area)

[1]  M2M3_PR:
  PAR:    0.19  Ratio:    6.00       (Area)
  CAR:    0.43  Ratio:    0.00       (C.Area)

[1]  M1M2_PR:
  PAR:    0.11  Ratio:    6.00       (Area)
  CAR:    0.24  Ratio:    0.00       (C.Area)

[1]  L1M1_PR:
  PAR:    0.14  Ratio:    3.00       (Area)
  CAR:    0.14  Ratio:    0.00       (C.Area)


Net - _00_
  _25_  (sky130_fd_sc_hd__dfxtp_4)  D
[1]  met2:
  PAR:    2.39  Ratio:    0.00       (Area)
  PAR:   12.30  Ratio: 2774.20       (S.Area)
  CAR:    6.24  Ratio:    0.00       (C.Area)
  CAR:   31.88  Ratio:    0.00       (C.S.Area)

[1]  met1:
  PAR:    3.73  Ratio:    0.00       (Area)
  PAR:   19.44  Ratio:  400.00       (S.Area)
  CAR:    3.85  Ratio:    0.00       (C.Area)
  CAR:   19.58  Ratio:    0.00       (C.S.Area)

[1]  li1:
  PAR:    0.11  Ratio:    0.00       (Area)
  PAR:    0.13  Ratio:   75.00       (S.Area)
  CAR:    0.11  Ratio:    0.00       (C.Area)
  CAR:    0.13  Ratio:    0.00       (C.S.Area)

[1]  M1M2_PR:
  PAR:    0.18  Ratio:    6.00       (Area)
  CAR:    0.41  Ratio:    0.00       (C.Area)

[1]  L1M1_PR:
  PAR:    0.23  Ratio:    3.00       (Area)
  CAR:    0.23  Ratio:    0.00       (C.Area)


Net - _01_
  _26_  (sky130_fd_sc_hd__dfxtp_2)  D
[1]  met2:
  PAR:    2.77  Ratio:    0.00       (Area)
  PAR:   14.19  Ratio: 2779.60       (S.Area)
  CAR:    3.09  Ratio:    0.00       (C.Area)
  CAR:   16.13  Ratio:    0.00       (C.S.Area)

[1]  met1:
  PAR:    0.21  Ratio:    0.00       (Area)
  PAR:    1.81  Ratio:  400.00       (S.Area)
  CAR:    0.32  Ratio:    0.00       (C.Area)
  CAR:    1.94  Ratio:    0.00       (C.S.Area)

[1]  li1:
  PAR:    0.11  Ratio:    0.00       (Area)
  PAR:    0.13  Ratio:   75.00       (S.Area)
  CAR:    0.11  Ratio:    0.00       (C.Area)
  CAR:    0.13  Ratio:    0.00       (C.S.Area)

[1]  M1M2_PR:
  PAR:    0.18  Ratio:    6.00       (Area)
  CAR:    0.41  Ratio:    0.00       (C.Area)

[1]  L1M1_PR:
  PAR:    0.23  Ratio:    3.00       (Area)
  CAR:    0.23  Ratio:    0.00       (C.Area)


Net - _02_
  _27_  (sky130_fd_sc_hd__dfxtp_4)  D
[1]  met2:
  PAR:    2.39  Ratio:    0.00       (Area)
  PAR:   12.30  Ratio: 2774.20       (S.Area)
  CAR:    2.66  Ratio:    0.00       (C.Area)
  CAR:   13.21  Ratio:    0.00       (C.S.Area)

[1]  met1:
  PAR:    0.16  Ratio:    0.00       (Area)
  PAR:    0.78  Ratio:  400.00       (S.Area)
  CAR:    0.27  Ratio:    0.00       (C.Area)
  CAR:    0.91  Ratio:    0.00       (C.S.Area)

[1]  li1:
  PAR:    0.11  Ratio:    0.00       (Area)
  PAR:    0.13  Ratio:   75.00       (S.Area)
  CAR:    0.11  Ratio:    0.00       (C.Area)
  CAR:    0.13  Ratio:    0.00       (C.S.Area)

[1]  M1M2_PR:
  PAR:    0.18  Ratio:    6.00       (Area)
  CAR:    0.41  Ratio:    0.00       (C.Area)

[1]  L1M1_PR:
  PAR:    0.23  Ratio:    3.00       (Area)
  CAR:    0.23  Ratio:    0.00       (C.Area)


Net - _03_
  _28_  (sky130_fd_sc_hd__dfxtp_2)  D
[1]  met1:
  PAR:    4.56  Ratio:    0.00       (Area)
  PAR:   23.94  Ratio: 2736.24       (S.Area)
  CAR:    4.68  Ratio:    0.00       (C.Area)
  CAR:   24.08  Ratio:    0.00       (C.S.Area)

[1]  li1:
  PAR:    0.11  Ratio:    0.00       (Area)
  PAR:    0.13  Ratio:   75.00       (S.Area)
  CAR:    0.11  Ratio:    0.00       (C.Area)
  CAR:    0.13  Ratio:    0.00       (C.S.Area)

[1]  L1M1_PR:
  PAR:    0.23  Ratio:    3.00       (Area)
  CAR:    0.23  Ratio:    0.00       (C.Area)


Net - _04_
  _17_  (sky130_fd_sc_hd__o21a_1)  A1
[1]  met2:
  PAR:    1.59  Ratio:    0.00       (Area)
  PAR:    8.33  Ratio: 2771.60       (S.Area)
  CAR:    2.60  Ratio:    0.00       (C.Area)
  CAR:   13.35  Ratio:    0.00       (C.S.Area)

[1]  met1:
  PAR:    0.95  Ratio:    0.00       (Area)
  PAR:    4.95  Ratio:  400.00       (S.Area)
  CAR:    1.01  Ratio:    0.00       (C.Area)
  CAR:    5.02  Ratio:    0.00       (C.S.Area)

[1]  li1:
  PAR:    0.06  Ratio:    0.00       (Area)
  PAR:    0.07  Ratio:   75.00       (S.Area)
  CAR:    0.06  Ratio:    0.00       (C.Area)
  CAR:    0.07  Ratio:    0.00       (C.S.Area)

[1]  M1M2_PR:
  PAR:    0.05  Ratio:    6.00       (Area)
  CAR:    0.16  Ratio:    0.00       (C.Area)

[1]  L1M1_PR:
  PAR:    0.12  Ratio:    3.00       (Area)
  CAR:    0.12  Ratio:    0.00       (C.Area)

  _14_  (sky130_fd_sc_hd__nor2_1)  B
[1]  met2:
  PAR:    1.59  Ratio:    0.00       (Area)
  PAR:    8.33  Ratio: 2771.60       (S.Area)
  CAR:    2.60  Ratio:    0.00       (C.Area)
  CAR:   13.35  Ratio:    0.00       (C.S.Area)

[1]  met1:
  PAR:    0.95  Ratio:    0.00       (Area)
  PAR:    4.95  Ratio:  400.00       (S.Area)
  CAR:    1.01  Ratio:    0.00       (C.Area)
  CAR:    5.02  Ratio:    0.00       (C.S.Area)

[1]  li1:
  PAR:    0.06  Ratio:    0.00       (Area)
  PAR:    0.07  Ratio:   75.00       (S.Area)
  CAR:    0.06  Ratio:    0.00       (C.Area)
  CAR:    0.07  Ratio:    0.00       (C.S.Area)

[1]  M1M2_PR:
  PAR:    0.05  Ratio:    6.00       (Area)
  CAR:    0.16  Ratio:    0.00       (C.Area)

[1]  L1M1_PR:
  PAR:    0.12  Ratio:    3.00       (Area)
  CAR:    0.12  Ratio:    0.00       (C.Area)

  _16_  (sky130_fd_sc_hd__a21oi_1)  A1
[1]  met2:
  PAR:    1.59  Ratio:    0.00       (Area)
  PAR:    8.33  Ratio: 2771.60       (S.Area)
  CAR:    5.63  Ratio:    0.00       (C.Area)
  CAR:   28.71  Ratio:    0.00       (C.S.Area)

[1]  met1:
  PAR:    3.98  Ratio:    0.00       (Area)
  PAR:   20.31  Ratio:  400.00       (S.Area)
  CAR:    4.04  Ratio:    0.00       (C.Area)
  CAR:   20.38  Ratio:    0.00       (C.S.Area)

[1]  li1:
  PAR:    0.06  Ratio:    0.00       (Area)
  PAR:    0.07  Ratio:   75.00       (S.Area)
  CAR:    0.06  Ratio:    0.00       (C.Area)
  CAR:    0.07  Ratio:    0.00       (C.S.Area)

[1]  M1M2_PR:
  PAR:    0.09  Ratio:    6.00       (Area)
  CAR:    0.21  Ratio:    0.00       (C.Area)

[1]  L1M1_PR:
  PAR:    0.12  Ratio:    3.00       (Area)
  CAR:    0.12  Ratio:    0.00       (C.Area)

  _19_  (sky130_fd_sc_hd__a31o_1)  A1
[1]  met2:
  PAR:    1.59  Ratio:    0.00       (Area)
  PAR:    8.33  Ratio: 2771.60       (S.Area)
  CAR:    1.73  Ratio:    0.00       (C.Area)
  CAR:    8.80  Ratio:    0.00       (C.S.Area)

[1]  met1:
  PAR:    0.08  Ratio:    0.00       (Area)
  PAR:    0.40  Ratio:  400.00       (S.Area)
  CAR:    0.14  Ratio:    0.00       (C.Area)
  CAR:    0.46  Ratio:    0.00       (C.S.Area)

[1]  li1:
  PAR:    0.06  Ratio:    0.00       (Area)
  PAR:    0.07  Ratio:   75.00       (S.Area)
  CAR:    0.06  Ratio:    0.00       (C.Area)
  CAR:    0.07  Ratio:    0.00       (C.S.Area)

[1]  M1M2_PR:
  PAR:    0.09  Ratio:    6.00       (Area)
  CAR:    0.21  Ratio:    0.00       (C.Area)

[1]  L1M1_PR:
  PAR:    0.12  Ratio:    3.00       (Area)
  CAR:    0.12  Ratio:    0.00       (C.Area)

  _18_  (sky130_fd_sc_hd__a21oi_1)  A1
[1]  met2:
  PAR:    1.59  Ratio:    0.00       (Area)
  PAR:    8.33  Ratio: 2771.60       (S.Area)
  CAR:    2.51  Ratio:    0.00       (C.Area)
  CAR:   13.10  Ratio:    0.00       (C.S.Area)

[1]  met1:
  PAR:    0.86  Ratio:    0.00       (Area)
  PAR:    4.69  Ratio:  400.00       (S.Area)
  CAR:    0.92  Ratio:    0.00       (C.Area)
  CAR:    4.76  Ratio:    0.00       (C.S.Area)

[1]  li1:
  PAR:    0.06  Ratio:    0.00       (Area)
  PAR:    0.07  Ratio:   75.00       (S.Area)
  CAR:    0.06  Ratio:    0.00       (C.Area)
  CAR:    0.07  Ratio:    0.00       (C.S.Area)

[1]  M1M2_PR:
  PAR:    0.09  Ratio:    6.00       (Area)
  CAR:    0.21  Ratio:    0.00       (C.Area)

[1]  L1M1_PR:
  PAR:    0.12  Ratio:    3.00       (Area)
  CAR:    0.12  Ratio:    0.00       (C.Area)


Net - _05_
  _17_  (sky130_fd_sc_hd__o21a_1)  A2
[1]  met2:
  PAR:    1.35  Ratio:    0.00       (Area)
  PAR:    7.15  Ratio: 2771.60       (S.Area)
  CAR:    2.01  Ratio:    0.00       (C.Area)
  CAR:   10.61  Ratio:    0.00       (C.S.Area)

[1]  met1:
  PAR:    0.60  Ratio:    0.00       (Area)
  PAR:    3.39  Ratio:  400.00       (S.Area)
  CAR:    0.66  Ratio:    0.00       (C.Area)
  CAR:    3.46  Ratio:    0.00       (C.S.Area)

[1]  li1:
  PAR:    0.06  Ratio:    0.00       (Area)
  PAR:    0.07  Ratio:   75.00       (S.Area)
  CAR:    0.06  Ratio:    0.00       (C.Area)
  CAR:    0.07  Ratio:    0.00       (C.S.Area)

[1]  M1M2_PR:
  PAR:    0.09  Ratio:    6.00       (Area)
  CAR:    0.21  Ratio:    0.00       (C.Area)

[1]  L1M1_PR:
  PAR:    0.12  Ratio:    3.00       (Area)
  CAR:    0.12  Ratio:    0.00       (C.Area)

  _16_  (sky130_fd_sc_hd__a21oi_1)  A2
[1]  met2:
  PAR:    1.35  Ratio:    0.00       (Area)
  PAR:    7.15  Ratio: 2771.60       (S.Area)
  CAR:    6.10  Ratio:    0.00       (C.Area)
  CAR:   31.48  Ratio:    0.00       (C.S.Area)

[1]  met1:
  PAR:    4.69  Ratio:    0.00       (Area)
  PAR:   24.27  Ratio:  400.00       (S.Area)
  CAR:    4.75  Ratio:    0.00       (C.Area)
  CAR:   24.34  Ratio:    0.00       (C.S.Area)

[1]  li1:
  PAR:    0.06  Ratio:    0.00       (Area)
  PAR:    0.07  Ratio:   75.00       (S.Area)
  CAR:    0.06  Ratio:    0.00       (C.Area)
  CAR:    0.07  Ratio:    0.00       (C.S.Area)

[1]  M1M2_PR:
  PAR:    0.09  Ratio:    6.00       (Area)
  CAR:    0.21  Ratio:    0.00       (C.Area)

[1]  L1M1_PR:
  PAR:    0.12  Ratio:    3.00       (Area)
  CAR:    0.12  Ratio:    0.00       (C.Area)

  _19_  (sky130_fd_sc_hd__a31o_1)  A2
[1]  met2:
  PAR:    1.35  Ratio:    0.00       (Area)
  PAR:    7.15  Ratio: 2771.60       (S.Area)
  CAR:    2.20  Ratio:    0.00       (C.Area)
  CAR:   11.97  Ratio:    0.00       (C.S.Area)

[1]  met1:
  PAR:    0.79  Ratio:    0.00       (Area)
  PAR:    4.75  Ratio:  400.00       (S.Area)
  CAR:    0.85  Ratio:    0.00       (C.Area)
  CAR:    4.82  Ratio:    0.00       (C.S.Area)

[1]  li1:
  PAR:    0.06  Ratio:    0.00       (Area)
  PAR:    0.07  Ratio:   75.00       (S.Area)
  CAR:    0.06  Ratio:    0.00       (C.Area)
  CAR:    0.07  Ratio:    0.00       (C.S.Area)

[1]  M1M2_PR:
  PAR:    0.09  Ratio:    6.00       (Area)
  CAR:    0.21  Ratio:    0.00       (C.Area)

[1]  L1M1_PR:
  PAR:    0.12  Ratio:    3.00       (Area)
  CAR:    0.12  Ratio:    0.00       (C.Area)

  _18_  (sky130_fd_sc_hd__a21oi_1)  A2
[1]  met2:
  PAR:    1.35  Ratio:    0.00       (Area)
  PAR:    7.15  Ratio: 2771.60       (S.Area)
  CAR:    3.77  Ratio:    0.00       (C.Area)
  CAR:   19.82  Ratio:    0.00       (C.S.Area)

[1]  met1:
  PAR:    2.36  Ratio:    0.00       (Area)
  PAR:   12.60  Ratio:  400.00       (S.Area)
  CAR:    2.42  Ratio:    0.00       (C.Area)
  CAR:   12.67  Ratio:    0.00       (C.S.Area)

[1]  li1:
  PAR:    0.06  Ratio:    0.00       (Area)
  PAR:    0.07  Ratio:   75.00       (S.Area)
  CAR:    0.06  Ratio:    0.00       (C.Area)
  CAR:    0.07  Ratio:    0.00       (C.S.Area)

[1]  M1M2_PR:
  PAR:    0.05  Ratio:    6.00       (Area)
  CAR:    0.16  Ratio:    0.00       (C.Area)

[1]  L1M1_PR:
  PAR:    0.12  Ratio:    3.00       (Area)
  CAR:    0.12  Ratio:    0.00       (C.Area)

  _22_  (sky130_fd_sc_hd__a31o_1)  A2
[1]  met2:
  PAR:    1.35  Ratio:    0.00       (Area)
  PAR:    7.15  Ratio: 2771.60       (S.Area)
  CAR:    3.77  Ratio:    0.00       (C.Area)
  CAR:   19.82  Ratio:    0.00       (C.S.Area)

[1]  met1:
  PAR:    2.36  Ratio:    0.00       (Area)
  PAR:   12.60  Ratio:  400.00       (S.Area)
  CAR:    2.42  Ratio:    0.00       (C.Area)
  CAR:   12.67  Ratio:    0.00       (C.S.Area)

[1]  li1:
  PAR:    0.06  Ratio:    0.00       (Area)
  PAR:    0.07  Ratio:   75.00       (S.Area)
  CAR:    0.06  Ratio:    0.00       (C.Area)
  CAR:    0.07  Ratio:    0.00       (C.S.Area)

[1]  M1M2_PR:
  PAR:    0.05  Ratio:    6.00       (Area)
  CAR:    0.16  Ratio:    0.00       (C.Area)

[1]  L1M1_PR:
  PAR:    0.12  Ratio:    3.00       (Area)
  CAR:    0.12  Ratio:    0.00       (C.Area)


Net - _06_
  _17_  (sky130_fd_sc_hd__o21a_1)  B1
[1]  met2:
  PAR:    3.72  Ratio:    0.00       (Area)
  PAR:   18.76  Ratio: 2778.80       (S.Area)
  CAR:    3.86  Ratio:    0.00       (C.Area)
  CAR:   19.23  Ratio:    0.00       (C.S.Area)

[1]  met1:
  PAR:    0.08  Ratio:    0.00       (Area)
  PAR:    0.40  Ratio:  400.00       (S.Area)
  CAR:    0.14  Ratio:    0.00       (C.Area)
  CAR:    0.46  Ratio:    0.00       (C.S.Area)

[1]  li1:
  PAR:    0.06  Ratio:    0.00       (Area)
  PAR:    0.07  Ratio:   75.00       (S.Area)
  CAR:    0.06  Ratio:    0.00       (C.Area)
  CAR:    0.07  Ratio:    0.00       (C.S.Area)

[1]  M1M2_PR:
  PAR:    0.09  Ratio:    6.00       (Area)
  CAR:    0.21  Ratio:    0.00       (C.Area)

[1]  L1M1_PR:
  PAR:    0.12  Ratio:    3.00       (Area)
  CAR:    0.12  Ratio:    0.00       (C.Area)


Net - _07_
  _20_  (sky130_fd_sc_hd__nor2_1)  A
[1]  met2:
  PAR:    1.41  Ratio:    0.00       (Area)
  PAR:    7.22  Ratio: 2778.80       (S.Area)
  CAR:    1.55  Ratio:    0.00       (C.Area)
  CAR:    7.69  Ratio:    0.00       (C.S.Area)

[1]  met1:
  PAR:    0.08  Ratio:    0.00       (Area)
  PAR:    0.40  Ratio:  400.00       (S.Area)
  CAR:    0.14  Ratio:    0.00       (C.Area)
  CAR:    0.46  Ratio:    0.00       (C.S.Area)

[1]  li1:
  PAR:    0.06  Ratio:    0.00       (Area)
  PAR:    0.07  Ratio:   75.00       (S.Area)
  CAR:    0.06  Ratio:    0.00       (C.Area)
  CAR:    0.07  Ratio:    0.00       (C.S.Area)

[1]  M1M2_PR:
  PAR:    0.09  Ratio:    6.00       (Area)
  CAR:    0.21  Ratio:    0.00       (C.Area)

[1]  L1M1_PR:
  PAR:    0.12  Ratio:    3.00       (Area)
  CAR:    0.12  Ratio:    0.00       (C.Area)


Net - _08_
  _20_  (sky130_fd_sc_hd__nor2_1)  B
[1]  met1:
  PAR:    1.63  Ratio:    0.00       (Area)
  PAR:    8.72  Ratio: 2774.90       (S.Area)
  CAR:    1.69  Ratio:    0.00       (C.Area)
  CAR:    8.79  Ratio:    0.00       (C.S.Area)

[1]  li1:
  PAR:    0.06  Ratio:    0.00       (Area)
  PAR:    0.07  Ratio:   75.00       (S.Area)
  CAR:    0.06  Ratio:    0.00       (C.Area)
  CAR:    0.07  Ratio:    0.00       (C.S.Area)

[1]  L1M1_PR:
  PAR:    0.12  Ratio:    3.00       (Area)
  CAR:    0.12  Ratio:    0.00       (C.Area)


Net - _09_
  _23_  (sky130_fd_sc_hd__and2b_1)  A_N
[1]  met2:
  PAR:    2.39  Ratio:    0.00       (Area)
  PAR:   12.30  Ratio: 2771.60       (S.Area)
  CAR:    4.71  Ratio:    0.00       (C.Area)
  CAR:   24.21  Ratio:    0.00       (C.S.Area)

[1]  met1:
  PAR:    2.20  Ratio:    0.00       (Area)
  PAR:   11.78  Ratio:  400.00       (S.Area)
  CAR:    2.31  Ratio:    0.00       (C.Area)
  CAR:   11.91  Ratio:    0.00       (C.S.Area)

[1]  li1:
  PAR:    0.11  Ratio:    0.00       (Area)
  PAR:    0.13  Ratio:   75.00       (S.Area)
  CAR:    0.11  Ratio:    0.00       (C.Area)
  CAR:    0.13  Ratio:    0.00       (C.S.Area)

[1]  M1M2_PR:
  PAR:    0.18  Ratio:    6.00       (Area)
  CAR:    0.41  Ratio:    0.00       (C.Area)

[1]  L1M1_PR:
  PAR:    0.23  Ratio:    3.00       (Area)
  CAR:    0.23  Ratio:    0.00       (C.Area)


Net - _10_
  _23_  (sky130_fd_sc_hd__and2b_1)  B
[1]  met1:
  PAR:    4.36  Ratio:    0.00       (Area)
  PAR:   22.13  Ratio: 2774.90       (S.Area)
  CAR:    4.47  Ratio:    0.00       (C.Area)
  CAR:   22.27  Ratio:    0.00       (C.S.Area)

[1]  li1:
  PAR:    0.11  Ratio:    0.00       (Area)
  PAR:    0.13  Ratio:   75.00       (S.Area)
  CAR:    0.11  Ratio:    0.00       (C.Area)
  CAR:    0.13  Ratio:    0.00       (C.S.Area)

[1]  L1M1_PR:
  PAR:    0.23  Ratio:    3.00       (Area)
  CAR:    0.23  Ratio:    0.00       (C.Area)


Net - _11_
  _24_  (sky130_fd_sc_hd__clkbuf_1)  A
[1]  met2:
  PAR:    1.78  Ratio:    0.00       (Area)
  PAR:    9.10  Ratio: 2771.60       (S.Area)
  CAR:    3.26  Ratio:    0.00       (C.Area)
  CAR:   16.74  Ratio:    0.00       (C.S.Area)

[1]  met1:
  PAR:    1.41  Ratio:    0.00       (Area)
  PAR:    7.55  Ratio:  400.00       (S.Area)
  CAR:    1.48  Ratio:    0.00       (C.Area)
  CAR:    7.64  Ratio:    0.00       (C.S.Area)

[1]  li1:
  PAR:    0.07  Ratio:    0.00       (Area)
  PAR:    0.09  Ratio:   75.00       (S.Area)
  CAR:    0.07  Ratio:    0.00       (C.Area)
  CAR:    0.09  Ratio:    0.00       (C.S.Area)

[1]  M1M2_PR:
  PAR:    0.11  Ratio:    6.00       (Area)
  CAR:    0.26  Ratio:    0.00       (C.Area)

[1]  L1M1_PR:
  PAR:    0.15  Ratio:    3.00       (Area)
  CAR:    0.15  Ratio:    0.00       (C.Area)


Net - buffers_in\[0\]
  buffers\[0\]  (sky130_fd_sc_hd__inv_2)  A
[1]  met1:
  PAR:    0.95  Ratio:    0.00       (Area)
  PAR:    5.01  Ratio: 2774.20       (S.Area)
  CAR:    0.97  Ratio:    0.00       (C.Area)
  CAR:    5.05  Ratio:    0.00       (C.S.Area)

[1]  li1:
  PAR:    0.03  Ratio:    0.00       (Area)
  PAR:    0.03  Ratio:   75.00       (S.Area)
  CAR:    0.03  Ratio:    0.00       (C.Area)
  CAR:    0.03  Ratio:    0.00       (C.S.Area)

[1]  L1M1_PR:
  PAR:    0.06  Ratio:    3.00       (Area)
  CAR:    0.06  Ratio:    0.00       (C.Area)


Net - buffers_in\[1\]
  buffers\[1\]  (sky130_fd_sc_hd__inv_2)  A
[1]  met2:
  PAR:    0.61  Ratio:    0.00       (Area)
  PAR:    3.13  Ratio: 2778.20       (S.Area)
  CAR:    0.68  Ratio:    0.00       (C.Area)
  CAR:    3.36  Ratio:    0.00       (C.S.Area)

[1]  met1:
  PAR:    0.04  Ratio:    0.00       (Area)
  PAR:    0.20  Ratio:  400.00       (S.Area)
  CAR:    0.07  Ratio:    0.00       (C.Area)
  CAR:    0.23  Ratio:    0.00       (C.S.Area)

[1]  li1:
  PAR:    0.03  Ratio:    0.00       (Area)
  PAR:    0.03  Ratio:   75.00       (S.Area)
  CAR:    0.03  Ratio:    0.00       (C.Area)
  CAR:    0.03  Ratio:    0.00       (C.S.Area)

[1]  M1M2_PR:
  PAR:    0.05  Ratio:    6.00       (Area)
  CAR:    0.10  Ratio:    0.00       (C.Area)

[1]  L1M1_PR:
  PAR:    0.06  Ratio:    3.00       (Area)
  CAR:    0.06  Ratio:    0.00       (C.Area)


Net - buffers_in\[2\]
  buffers\[2\]  (sky130_fd_sc_hd__inv_2)  A
[1]  met2:
  PAR:    1.47  Ratio:    0.00       (Area)
  PAR:    7.46  Ratio: 2778.20       (S.Area)
  CAR:    1.67  Ratio:    0.00       (C.Area)
  CAR:    8.54  Ratio:    0.00       (C.S.Area)

[1]  met1:
  PAR:    0.17  Ratio:    0.00       (Area)
  PAR:    1.05  Ratio:  400.00       (S.Area)
  CAR:    0.20  Ratio:    0.00       (C.Area)
  CAR:    1.08  Ratio:    0.00       (C.S.Area)

[1]  li1:
  PAR:    0.03  Ratio:    0.00       (Area)
  PAR:    0.03  Ratio:   75.00       (S.Area)
  CAR:    0.03  Ratio:    0.00       (C.Area)
  CAR:    0.03  Ratio:    0.00       (C.S.Area)

[1]  M1M2_PR:
  PAR:    0.05  Ratio:    6.00       (Area)
  CAR:    0.10  Ratio:    0.00       (C.Area)

[1]  L1M1_PR:
  PAR:    0.06  Ratio:    3.00       (Area)
  CAR:    0.06  Ratio:    0.00       (C.Area)


Net - buffers_in\[3\]
  buffers\[3\]  (sky130_fd_sc_hd__inv_2)  A
[1]  met2:
  PAR:    0.61  Ratio:    0.00       (Area)
  PAR:    3.13  Ratio: 2778.20       (S.Area)
  CAR:    0.81  Ratio:    0.00       (C.Area)
  CAR:    4.21  Ratio:    0.00       (C.S.Area)

[1]  met1:
  PAR:    0.17  Ratio:    0.00       (Area)
  PAR:    1.05  Ratio:  400.00       (S.Area)
  CAR:    0.20  Ratio:    0.00       (C.Area)
  CAR:    1.08  Ratio:    0.00       (C.S.Area)

[1]  li1:
  PAR:    0.03  Ratio:    0.00       (Area)
  PAR:    0.03  Ratio:   75.00       (S.Area)
  CAR:    0.03  Ratio:    0.00       (C.Area)
  CAR:    0.03  Ratio:    0.00       (C.S.Area)

[1]  M1M2_PR:
  PAR:    0.05  Ratio:    6.00       (Area)
  CAR:    0.10  Ratio:    0.00       (C.Area)

[1]  L1M1_PR:
  PAR:    0.06  Ratio:    3.00       (Area)
  CAR:    0.06  Ratio:    0.00       (C.Area)


Net - buffers_in\[4\]
  buffers\[4\]  (sky130_fd_sc_hd__inv_2)  A
[1]  met2:
  PAR:    0.61  Ratio:    0.00       (Area)
  PAR:    3.13  Ratio: 2778.20       (S.Area)
  CAR:    0.68  Ratio:    0.00       (C.Area)
  CAR:    3.36  Ratio:    0.00       (C.S.Area)

[1]  met1:
  PAR:    0.04  Ratio:    0.00       (Area)
  PAR:    0.20  Ratio:  400.00       (S.Area)
  CAR:    0.07  Ratio:    0.00       (C.Area)
  CAR:    0.23  Ratio:    0.00       (C.S.Area)

[1]  li1:
  PAR:    0.03  Ratio:    0.00       (Area)
  PAR:    0.03  Ratio:   75.00       (S.Area)
  CAR:    0.03  Ratio:    0.00       (C.Area)
  CAR:    0.03  Ratio:    0.00       (C.S.Area)

[1]  M1M2_PR:
  PAR:    0.05  Ratio:    6.00       (Area)
  CAR:    0.10  Ratio:    0.00       (C.Area)

[1]  L1M1_PR:
  PAR:    0.06  Ratio:    3.00       (Area)
  CAR:    0.06  Ratio:    0.00       (C.Area)


Net - buffers_in\[5\]
  buffers\[5\]  (sky130_fd_sc_hd__inv_2)  A
[1]  met2:
  PAR:    1.47  Ratio:    0.00       (Area)
  PAR:    7.46  Ratio: 2778.20       (S.Area)
  CAR:    2.06  Ratio:    0.00       (C.Area)
  CAR:   10.49  Ratio:    0.00       (C.S.Area)

[1]  met1:
  PAR:    0.56  Ratio:    0.00       (Area)
  PAR:    3.00  Ratio:  400.00       (S.Area)
  CAR:    0.59  Ratio:    0.00       (C.Area)
  CAR:    3.03  Ratio:    0.00       (C.S.Area)

[1]  li1:
  PAR:    0.03  Ratio:    0.00       (Area)
  PAR:    0.03  Ratio:   75.00       (S.Area)
  CAR:    0.03  Ratio:    0.00       (C.Area)
  CAR:    0.03  Ratio:    0.00       (C.S.Area)

[1]  M1M2_PR:
  PAR:    0.05  Ratio:    6.00       (Area)
  CAR:    0.10  Ratio:    0.00       (C.Area)

[1]  L1M1_PR:
  PAR:    0.06  Ratio:    3.00       (Area)
  CAR:    0.06  Ratio:    0.00       (C.Area)


Net - buffers_in\[6\]
  buffers\[6\]  (sky130_fd_sc_hd__inv_2)  A
[1]  met2:
  PAR:    0.71  Ratio:    0.00       (Area)
  PAR:    3.61  Ratio: 2778.20       (S.Area)
  CAR:    0.77  Ratio:    0.00       (C.Area)
  CAR:    3.84  Ratio:    0.00       (C.S.Area)

[1]  met1:
  PAR:    0.04  Ratio:    0.00       (Area)
  PAR:    0.20  Ratio:  400.00       (S.Area)
  CAR:    0.07  Ratio:    0.00       (C.Area)
  CAR:    0.23  Ratio:    0.00       (C.S.Area)

[1]  li1:
  PAR:    0.03  Ratio:    0.00       (Area)
  PAR:    0.03  Ratio:   75.00       (S.Area)
  CAR:    0.03  Ratio:    0.00       (C.Area)
  CAR:    0.03  Ratio:    0.00       (C.S.Area)

[1]  M1M2_PR:
  PAR:    0.05  Ratio:    6.00       (Area)
  CAR:    0.10  Ratio:    0.00       (C.Area)

[1]  L1M1_PR:
  PAR:    0.06  Ratio:    3.00       (Area)
  CAR:    0.06  Ratio:    0.00       (C.Area)


Net - buffers_in\[7\]
  buffers\[7\]  (sky130_fd_sc_hd__inv_2)  A
[1]  met2:
  PAR:    1.47  Ratio:    0.00       (Area)
  PAR:    7.46  Ratio: 2778.20       (S.Area)
  CAR:    1.54  Ratio:    0.00       (C.Area)
  CAR:    7.69  Ratio:    0.00       (C.S.Area)

[1]  met1:
  PAR:    0.04  Ratio:    0.00       (Area)
  PAR:    0.20  Ratio:  400.00       (S.Area)
  CAR:    0.07  Ratio:    0.00       (C.Area)
  CAR:    0.23  Ratio:    0.00       (C.S.Area)

[1]  li1:
  PAR:    0.03  Ratio:    0.00       (Area)
  PAR:    0.03  Ratio:   75.00       (S.Area)
  CAR:    0.03  Ratio:    0.00       (C.Area)
  CAR:    0.03  Ratio:    0.00       (C.S.Area)

[1]  M1M2_PR:
  PAR:    0.05  Ratio:    6.00       (Area)
  CAR:    0.10  Ratio:    0.00       (C.Area)

[1]  L1M1_PR:
  PAR:    0.06  Ratio:    3.00       (Area)
  CAR:    0.06  Ratio:    0.00       (C.Area)


Net - buffers_in\[8\]
  buffers\[8\]  (sky130_fd_sc_hd__inv_2)  A
[1]  met2:
  PAR:    0.71  Ratio:    0.00       (Area)
  PAR:    3.61  Ratio: 2778.20       (S.Area)
  CAR:    2.07  Ratio:    0.00       (C.Area)
  CAR:   10.55  Ratio:    0.00       (C.S.Area)

[1]  met1:
  PAR:    1.34  Ratio:    0.00       (Area)
  PAR:    6.90  Ratio:  400.00       (S.Area)
  CAR:    1.37  Ratio:    0.00       (C.Area)
  CAR:    6.94  Ratio:    0.00       (C.S.Area)

[1]  li1:
  PAR:    0.03  Ratio:    0.00       (Area)
  PAR:    0.03  Ratio:   75.00       (S.Area)
  CAR:    0.03  Ratio:    0.00       (C.Area)
  CAR:    0.03  Ratio:    0.00       (C.S.Area)

[1]  M1M2_PR:
  PAR:    0.05  Ratio:    6.00       (Area)
  CAR:    0.10  Ratio:    0.00       (C.Area)

[1]  L1M1_PR:
  PAR:    0.06  Ratio:    3.00       (Area)
  CAR:    0.06  Ratio:    0.00       (C.Area)


Net - buffers_in\[9\]
  buffers\[9\]  (sky130_fd_sc_hd__inv_2)  A
[1]  met2:
  PAR:    1.38  Ratio:    0.00       (Area)
  PAR:    6.98  Ratio: 2778.20       (S.Area)
  CAR:    2.88  Ratio:    0.00       (C.Area)
  CAR:   14.56  Ratio:    0.00       (C.S.Area)

[1]  met1:
  PAR:    1.47  Ratio:    0.00       (Area)
  PAR:    7.55  Ratio:  400.00       (S.Area)
  CAR:    1.50  Ratio:    0.00       (C.Area)
  CAR:    7.59  Ratio:    0.00       (C.S.Area)

[1]  li1:
  PAR:    0.03  Ratio:    0.00       (Area)
  PAR:    0.03  Ratio:   75.00       (S.Area)
  CAR:    0.03  Ratio:    0.00       (C.Area)
  CAR:    0.03  Ratio:    0.00       (C.S.Area)

[1]  M1M2_PR:
  PAR:    0.05  Ratio:    6.00       (Area)
  CAR:    0.10  Ratio:    0.00       (C.Area)

[1]  L1M1_PR:
  PAR:    0.06  Ratio:    3.00       (Area)
  CAR:    0.06  Ratio:    0.00       (C.Area)


Net - clknet_0_clk
  clkbuf_1_0_0_clk  (sky130_fd_sc_hd__clkbuf_2)  A
[1]  met2:
  PAR:    2.94  Ratio:    0.00       (Area)
  PAR:   14.81  Ratio: 3872.32       (S.Area)
  CAR:    9.75  Ratio:    0.00       (C.Area)
  CAR:   49.07  Ratio:    0.00       (C.S.Area)

[1]  met1:
  PAR:    6.74  Ratio:    0.00       (Area)
  PAR:   34.18  Ratio:  400.00       (S.Area)
  CAR:    6.81  Ratio:    0.00       (C.Area)
  CAR:   34.26  Ratio:    0.00       (C.S.Area)

[1]  li1:
  PAR:    0.07  Ratio:    0.00       (Area)
  PAR:    0.08  Ratio:   75.00       (S.Area)
  CAR:    0.07  Ratio:    0.00       (C.Area)
  CAR:    0.08  Ratio:    0.00       (C.S.Area)

[1]  M1M2_PR:
  PAR:    0.11  Ratio:    6.00       (Area)
  CAR:    0.24  Ratio:    0.00       (C.Area)

[1]  L1M1_PR:
  PAR:    0.14  Ratio:    3.00       (Area)
  CAR:    0.14  Ratio:    0.00       (C.Area)

  clkbuf_1_1_0_clk  (sky130_fd_sc_hd__clkbuf_2)  A
[1]  met1:
  PAR:    9.45  Ratio:    0.00       (Area)
  PAR:   47.93  Ratio: 3872.32       (S.Area)
  CAR:    9.52  Ratio:    0.00       (C.Area)
  CAR:   48.01  Ratio:    0.00       (C.S.Area)

[1]  met2:
  PAR:    2.94  Ratio:    0.00       (Area)
  PAR:   14.81  Ratio: 3872.32       (S.Area)
  CAR:   12.46  Ratio:    0.00       (C.Area)
  CAR:   62.82  Ratio:    0.00       (C.S.Area)

[1]  li1:
  PAR:    0.07  Ratio:    0.00       (Area)
  PAR:    0.08  Ratio:   75.00       (S.Area)
  CAR:    0.07  Ratio:    0.00       (C.Area)
  CAR:    0.08  Ratio:    0.00       (C.S.Area)

[1]  M1M2_PR:
  PAR:    0.11  Ratio:    6.00       (Area)
  CAR:    0.24  Ratio:    0.00       (C.Area)

[1]  L1M1_PR:
  PAR:    0.14  Ratio:    3.00       (Area)
  CAR:    0.14  Ratio:    0.00       (C.Area)


Net - clknet_1_0_0_clk
  _26_  (sky130_fd_sc_hd__dfxtp_2)  CLK
[1]  met2:
  PAR:    3.52  Ratio:    0.00       (Area)
  PAR:   18.06  Ratio: 2753.36       (S.Area)
  CAR:    8.90  Ratio:    0.00       (C.Area)
  CAR:   45.81  Ratio:    0.00       (C.S.Area)

[1]  met1:
  PAR:    5.28  Ratio:    0.00       (Area)
  PAR:   27.65  Ratio:  400.00       (S.Area)
  CAR:    5.37  Ratio:    0.00       (C.Area)
  CAR:   27.75  Ratio:    0.00       (C.S.Area)

[1]  li1:
  PAR:    0.09  Ratio:    0.00       (Area)
  PAR:    0.11  Ratio:   75.00       (S.Area)
  CAR:    0.09  Ratio:    0.00       (C.Area)
  CAR:    0.11  Ratio:    0.00       (C.S.Area)

[1]  M1M2_PR:
  PAR:    0.14  Ratio:    6.00       (Area)
  CAR:    0.32  Ratio:    0.00       (C.Area)

[1]  L1M1_PR:
  PAR:    0.18  Ratio:    3.00       (Area)
  CAR:    0.18  Ratio:    0.00       (C.Area)

  _27_  (sky130_fd_sc_hd__dfxtp_4)  CLK
[1]  met2:
  PAR:    3.52  Ratio:    0.00       (Area)
  PAR:   18.06  Ratio: 2753.36       (S.Area)
  CAR:    3.74  Ratio:    0.00       (C.Area)
  CAR:   18.78  Ratio:    0.00       (C.S.Area)

[1]  met1:
  PAR:    0.12  Ratio:    0.00       (Area)
  PAR:    0.62  Ratio:  400.00       (S.Area)
  CAR:    0.21  Ratio:    0.00       (C.Area)
  CAR:    0.72  Ratio:    0.00       (C.S.Area)

[1]  li1:
  PAR:    0.09  Ratio:    0.00       (Area)
  PAR:    0.11  Ratio:   75.00       (S.Area)
  CAR:    0.09  Ratio:    0.00       (C.Area)
  CAR:    0.11  Ratio:    0.00       (C.S.Area)

[1]  M1M2_PR:
  PAR:    0.14  Ratio:    6.00       (Area)
  CAR:    0.32  Ratio:    0.00       (C.Area)

[1]  L1M1_PR:
  PAR:    0.18  Ratio:    3.00       (Area)
  CAR:    0.18  Ratio:    0.00       (C.Area)


Net - clknet_1_1_0_clk
  _25_  (sky130_fd_sc_hd__dfxtp_4)  CLK
[1]  met2:
  PAR:    3.70  Ratio:    0.00       (Area)
  PAR:   18.96  Ratio: 2753.36       (S.Area)
  CAR:    5.94  Ratio:    0.00       (C.Area)
  CAR:   30.43  Ratio:    0.00       (C.S.Area)

[1]  met1:
  PAR:    2.15  Ratio:    0.00       (Area)
  PAR:   11.36  Ratio:  400.00       (S.Area)
  CAR:    2.24  Ratio:    0.00       (C.Area)
  CAR:   11.47  Ratio:    0.00       (C.S.Area)

[1]  li1:
  PAR:    0.09  Ratio:    0.00       (Area)
  PAR:    0.11  Ratio:   75.00       (S.Area)
  CAR:    0.09  Ratio:    0.00       (C.Area)
  CAR:    0.11  Ratio:    0.00       (C.S.Area)

[1]  M1M2_PR:
  PAR:    0.14  Ratio:    6.00       (Area)
  CAR:    0.32  Ratio:    0.00       (C.Area)

[1]  L1M1_PR:
  PAR:    0.18  Ratio:    3.00       (Area)
  CAR:    0.18  Ratio:    0.00       (C.Area)

  _28_  (sky130_fd_sc_hd__dfxtp_2)  CLK
[1]  met2:
  PAR:    3.70  Ratio:    0.00       (Area)
  PAR:   18.96  Ratio: 2753.36       (S.Area)
  CAR:    3.92  Ratio:    0.00       (C.Area)
  CAR:   19.69  Ratio:    0.00       (C.S.Area)

[1]  met1:
  PAR:    0.12  Ratio:    0.00       (Area)
  PAR:    0.62  Ratio:  400.00       (S.Area)
  CAR:    0.21  Ratio:    0.00       (C.Area)
  CAR:    0.72  Ratio:    0.00       (C.S.Area)

[1]  li1:
  PAR:    0.09  Ratio:    0.00       (Area)
  PAR:    0.11  Ratio:   75.00       (S.Area)
  CAR:    0.09  Ratio:    0.00       (C.Area)
  CAR:    0.11  Ratio:    0.00       (C.S.Area)

[1]  M1M2_PR:
  PAR:    0.14  Ratio:    6.00       (Area)
  CAR:    0.32  Ratio:    0.00       (C.Area)

[1]  L1M1_PR:
  PAR:    0.18  Ratio:    3.00       (Area)
  CAR:    0.18  Ratio:    0.00       (C.Area)


Net - net1
  _14_  (sky130_fd_sc_hd__nor2_1)  A
[1]  met1:
  PAR:   11.07  Ratio:    0.00       (Area)
  PAR:   55.90  Ratio: 2753.36       (S.Area)
  CAR:   11.12  Ratio:    0.00       (C.Area)
  CAR:   55.97  Ratio:    0.00       (C.S.Area)

[1]  li1:
  PAR:    0.06  Ratio:    0.00       (Area)
  PAR:    0.07  Ratio:   75.00       (S.Area)
  CAR:    0.06  Ratio:    0.00       (C.Area)
  CAR:    0.07  Ratio:    0.00       (C.S.Area)

[1]  met2:
  PAR:    2.58  Ratio:    0.00       (Area)
  PAR:   13.11  Ratio: 2753.36       (S.Area)
  CAR:   13.71  Ratio:    0.00       (C.Area)
  CAR:   69.08  Ratio:    0.00       (C.S.Area)

[1]  M1M2_PR:
  PAR:    0.09  Ratio:    6.00       (Area)
  CAR:    0.21  Ratio:    0.00       (C.Area)

[1]  L1M1_PR:
  PAR:    0.12  Ratio:    3.00       (Area)
  CAR:    0.12  Ratio:    0.00       (C.Area)

  _21_  (sky130_fd_sc_hd__a41o_1)  B1
[1]  met2:
  PAR:    2.58  Ratio:    0.00       (Area)
  PAR:   13.11  Ratio: 2753.36       (S.Area)
  CAR:    8.84  Ratio:    0.00       (C.Area)
  CAR:   45.58  Ratio:    0.00       (C.S.Area)

[1]  met1:
  PAR:    6.20  Ratio:    0.00       (Area)
  PAR:   32.40  Ratio:  400.00       (S.Area)
  CAR:    6.26  Ratio:    0.00       (C.Area)
  CAR:   32.47  Ratio:    0.00       (C.S.Area)

[1]  li1:
  PAR:    0.06  Ratio:    0.00       (Area)
  PAR:    0.07  Ratio:   75.00       (S.Area)
  CAR:    0.06  Ratio:    0.00       (C.Area)
  CAR:    0.07  Ratio:    0.00       (C.S.Area)

[1]  M1M2_PR:
  PAR:    0.09  Ratio:    6.00       (Area)
  CAR:    0.21  Ratio:    0.00       (C.Area)

[1]  L1M1_PR:
  PAR:    0.12  Ratio:    3.00       (Area)
  CAR:    0.12  Ratio:    0.00       (C.Area)

  _16_  (sky130_fd_sc_hd__a21oi_1)  B1
[1]  met2:
  PAR:    2.58  Ratio:    0.00       (Area)
  PAR:   13.11  Ratio: 2753.36       (S.Area)
  CAR:   11.46  Ratio:    0.00       (C.Area)
  CAR:   59.43  Ratio:    0.00       (C.S.Area)

[1]  met1:
  PAR:    2.61  Ratio:    0.00       (Area)
  PAR:   13.86  Ratio:  400.00       (S.Area)
  CAR:    2.67  Ratio:    0.00       (C.Area)
  CAR:   13.93  Ratio:    0.00       (C.S.Area)

[1]  li1:
  PAR:    0.06  Ratio:    0.00       (Area)
  PAR:    0.07  Ratio:   75.00       (S.Area)
  CAR:    0.06  Ratio:    0.00       (C.Area)
  CAR:    0.07  Ratio:    0.00       (C.S.Area)

[1]  M1M2_PR:
  PAR:    0.09  Ratio:    6.00       (Area)
  CAR:    0.21  Ratio:    0.00       (C.Area)

[1]  L1M1_PR:
  PAR:    0.12  Ratio:    3.00       (Area)
  CAR:    0.12  Ratio:    0.00       (C.Area)

  _19_  (sky130_fd_sc_hd__a31o_1)  B1
[1]  met2:
  PAR:    2.58  Ratio:    0.00       (Area)
  PAR:   13.11  Ratio: 2753.36       (S.Area)
  CAR:    8.84  Ratio:    0.00       (C.Area)
  CAR:   45.58  Ratio:    0.00       (C.S.Area)

[1]  met1:
  PAR:    6.20  Ratio:    0.00       (Area)
  PAR:   32.40  Ratio:  400.00       (S.Area)
  CAR:    6.26  Ratio:    0.00       (C.Area)
  CAR:   32.47  Ratio:    0.00       (C.S.Area)

[1]  li1:
  PAR:    0.06  Ratio:    0.00       (Area)
  PAR:    0.07  Ratio:   75.00       (S.Area)
  CAR:    0.06  Ratio:    0.00       (C.Area)
  CAR:    0.07  Ratio:    0.00       (C.S.Area)

[1]  M1M2_PR:
  PAR:    0.09  Ratio:    6.00       (Area)
  CAR:    0.21  Ratio:    0.00       (C.Area)

[1]  L1M1_PR:
  PAR:    0.12  Ratio:    3.00       (Area)
  CAR:    0.12  Ratio:    0.00       (C.Area)

  _12_  (sky130_fd_sc_hd__nor2_1)  A
[1]  met2:
  PAR:    2.58  Ratio:    0.00       (Area)
  PAR:   13.11  Ratio: 2753.36       (S.Area)
  CAR:    3.76  Ratio:    0.00       (C.Area)
  CAR:   19.17  Ratio:    0.00       (C.S.Area)

[1]  met1:
  PAR:    1.12  Ratio:    0.00       (Area)
  PAR:    6.00  Ratio:  400.00       (S.Area)
  CAR:    1.18  Ratio:    0.00       (C.Area)
  CAR:    6.06  Ratio:    0.00       (C.S.Area)

[1]  li1:
  PAR:    0.06  Ratio:    0.00       (Area)
  PAR:    0.07  Ratio:   75.00       (S.Area)
  CAR:    0.06  Ratio:    0.00       (C.Area)
  CAR:    0.07  Ratio:    0.00       (C.S.Area)

[1]  M1M2_PR:
  PAR:    0.09  Ratio:    6.00       (Area)
  CAR:    0.21  Ratio:    0.00       (C.Area)

[1]  L1M1_PR:
  PAR:    0.12  Ratio:    3.00       (Area)
  CAR:    0.12  Ratio:    0.00       (C.Area)

Number of pins violated: 0
Number of nets violated: 0
Total number of unspecial nets: 33
